<body>
<div class="container">
    <div class="content">

        <h1 class="blog-title"> Test CFF</h1>


        <h2>
            Muster Mina<sup>1</sup>,
            Minster Mana<sup>2</sup>,
            Minster Mana
        </h2>
        <ul>
            <sup>1</sup> : up
            <sup>2</sup> : pu
        </ul>
    </div>
    <div class="citation">
        <p><b>cite as (APA):</b></p>
        <p id="citationText">Mina M., Mana M., Mana M. Test CFF
        </p>
        <button id="copyButton">copy citation</button>
        <div id="notification" class="notification">Copied!</div>
    </div>
</div>

<div class="footer-container">
    <footer class="footer">
        <p>Generated with <a href="https://github.com/University-of-Potsdam-MM/cff2pages"
                             target="_blank">cff2pages</a>.
        </p>
    </footer>
</div>

</body>