<body>

<div class="container">
    <div class="content">
        <h1 class="blog-title"> Test CFF</h1>
    <h2>
            Muster Mina<sup>1</sup>,
            Minster Mana<sup>2</sup>,
            Manster Mona
    </h2>
    <ul>
        <sup>1</sup> : up
        <sup>2</sup> : pu
        </ul>
        <div class="keyword-container">
            <b>Keywords:</b>
            <ul class="keyword-list"><li class="keyword-item">
                        <a class="keyword">keyword1</a>
                    </li><li class="keyword-item">
                        <a class="keyword">keyword2</a>
                    </li><li class="keyword-item">
                        <a class="keyword">keyword3</a>
                    </li><li class="keyword-item">
                        <a class="keyword">keyword4</a>
                    </li>
            </ul>
        </div>
        <div class="badges"><a class="badge-item" href="https://github.com/organization/site" target="_blank">
                        <img src="./assets/img/github-logo.png" alt="Github Logo"></a>
                <a href="https://github.com/organization/site" target="_blank">Repository</a>
                        <a href="https://archive.softwareheritage.org/browse/origin/?origin_url=https://github.com/organization/site">
                            <img src="https://archive.softwareheritage.org/badge/origin/https://github.com/organization/site"
                                 alt="Archived | https://github.com/organization/site"/>
                        </a>

                    <a href="https://doi.org/10.1111/zenodo.111111">
                        <img src="https://img.shields.io/badge/DOI_-10.1111/zenodo.111111-blue"
                             alt="DOI"/>
                    </a>
        </div>
            <p class="licence"><b>License</b>: MIT</p>

            <p class="abstract"><b>Abstract</b>: This is a test abstract.</p>

        <div class="references-container">
            <h2>References</h2>
            <ul class="references-list">

                    <li class="reference-item">
                    <span class="reference-icon" title="type software">
                        ðŸ’»
                    </span>
                        <span class="reference-title">Citation File Format</span>,
                        <span class="reference-author">
                        Stephan Druskat<a href="https://orcid.org/0000-0003-4925-7248"><img decoding="async" alt=""
                                                              src="./assets/img/orcid_16x16.webp"
                                                              style="width:16px; height:16px; margin:3px"/></a>,
                        Jurriaan H. Spaaks<a href="https://orcid.org/0000-0002-7064-4069"><img decoding="async" alt=""
                                                              src="./assets/img/orcid_16x16.webp"
                                                              style="width:16px; height:16px; margin:3px"/></a>,
                        Neil Chue Hong<a href="https://orcid.org/0000-0002-8876-7606"><img decoding="async" alt=""
                                                              src="./assets/img/orcid_16x16.webp"
                                                              style="width:16px; height:16px; margin:3px"/></a>,
                        Robert Haines<a href="https://orcid.org/0000-0002-9538-7919"><img decoding="async" alt=""
                                                              src="./assets/img/orcid_16x16.webp"
                                                              style="width:16px; height:16px; margin:3px"/></a>,
                        James Baker<a href="https://orcid.org/0000-0002-2682-6922"><img decoding="async" alt=""
                                                              src="./assets/img/orcid_16x16.webp"
                                                              style="width:16px; height:16px; margin:3px"/></a>,
                        Spencer Bliven<a href="https://orcid.org/0000-0002-1200-1698"><img decoding="async" alt=""
                                                              src="./assets/img/orcid_16x16.webp"
                                                              style="width:16px; height:16px; margin:3px"/></a>,
                        Egon Willighagen<a href="https://orcid.org/0000-0001-7542-0286"><img decoding="async" alt=""
                                                              src="./assets/img/orcid_16x16.webp"
                                                              style="width:16px; height:16px; margin:3px"/></a>,
                        David PÃ©rez-SuÃ¡rez<a href="https://orcid.org/0000-0003-0784-6909"><img decoding="async" alt=""
                                                              src="./assets/img/orcid_16x16.webp"
                                                              style="width:16px; height:16px; margin:3px"/></a>,
                        Olexandr Konovalov<a href="https://orcid.org/0000-0001-5299-3292"><img decoding="async" alt=""
                                                              src="./assets/img/orcid_16x16.webp"
                                                              style="width:16px; height:16px; margin:3px"/></a>
                    </span>
                        <span class="reference-doi"><a href="https://doi.org/10.5281/zenodo.1003149"
                                                       target="_blank">10.5281/zenodo.1003149</a></span>
                    </li>

                    <li class="reference-item">
                    <span class="reference-icon" title="type article">
                        ðŸ“–

                    </span>
                        <span class="reference-title">Ya2RO: A tool for creating Research Object from minimum metadata</span>,
                        <span class="reference-author">
                        Antonia Pavel,
                        Daniel Garijo<a href="https://orcid.org/0000-0003-0454-7145"><img decoding="async" alt=""
                                                              src="./assets/img/orcid_16x16.webp"
                                                              style="width:16px; height:16px; margin:3px"/></a>
                    </span>
                        <span class="year">2023</span>,

                        <span class="reference-doi"><a href="https://doi.org/10.4126/FRL01-006444984"
                                                       target="_blank">10.4126/FRL01-006444984</a></span>
                    </li>

            </ul>
        </div>

    </div>
        <div class="citation">
            <p><b>cite as (APA):</b></p>
            <p id="citationText">Mina M., Mana Ma., Mona M. Test CFF (version 1.2.3). DOI: 10.1111/zenodo.111111 URL: https://github.com/organization/site
</p>
            <button id="copyButton">copy citation</button>
            <div id="notification" class="notification">Copied!</div>
        </div>
</div>

<div class="footer-container">
    <footer class="footer">
        <p>Generated with <a href="https://github.com/University-of-Potsdam-MM/cff2pages"
                             target="_blank">cff2pages</a>.
        </p>
    </footer>
</div>

</body>