<body>
<div class="container">
<div class="content">
<h1 class="blog-title"> Test minimal CFF with diacritics</h1>
<h2>
            Antonio Rüdiger<sup>1</sup>,
            İlkay Gündoğan<sup>2</sup>,
            Aleksandar Pavlović<sup>3</sup>,
            Hasret Kayikçi<sup>4</sup>
</h2>
<ul>
<sup>1</sup> : Real Madrid
        <sup>2</sup> : Manchester City
        <sup>3</sup> : FC Bayern München
        <sup>4</sup> : SC Freiburg
        </ul>
</div>
<div class="citation">
<p><b>cite as (APA):</b></p>
<p id="citationText">Rüdiger A., Gündoğan İ., Pavlović A., Kayikçi H. Test minimal CFF with diacritics
</p>
<button id="copyButton">copy citation</button>
<div class="notification" id="notification">Copied!</div>
</div>
</div>
<div class="footer-container">
<footer class="footer">
<p>Generated with <a href="https://github.com/University-of-Potsdam-MM/cff2pages" target="_blank">cff2pages</a>.
        </p>
</footer>
</div>
</body>